* using log directory ‘/home/runner/work/dumpsterfire/dumpsterfire/check/dumpsterfire.Rcheck’
* using R version 4.6.1 (2026-06-24)
* using platform: x86_64-pc-linux-gnu
* R was compiled by
    gcc (Ubuntu 13.3.0-6ubuntu2~24.04.1) 13.3.0
    GNU Fortran (Ubuntu 13.3.0-6ubuntu2~24.04.1) 13.3.0
* running under: Ubuntu 24.04.4 LTS
* using session charset: UTF-8
* current time: 2026-07-12 09:36:33 UTC
* using options ‘--no-manual --as-cran’
* checking for file ‘dumpsterfire/DESCRIPTION’ ... OK
* this is package ‘dumpsterfire’ version ‘20260606-1’
* checking package namespace information ... OK
* checking package dependencies ... OK
* checking if this is a source package ... OK
* checking if there is a namespace ... OK
* checking for executable files ... OK
* checking for hidden files and directories ... NOTE
Found the following hidden files and directories:
  .hidden
These were most likely included in error. See section ‘Package
structure’ in the ‘Writing R Extensions’ manual.
* checking for portable file names ... OK
* checking for sufficient/correct file permissions ... OK
* checking serialization versions ... OK
* checking whether package ‘dumpsterfire’ can be installed ... OK
* checking installed package size ... OK
* checking package directory ... OK
* checking for future file timestamps ... OK
* checking DESCRIPTION meta-information ... NOTE
Malformed Title field: should not end in a period.
Malformed Description field: should contain one or more complete sentences.
Non-standard license specification:
  Havoc License (>= 2038)
Standardizable: FALSE
* checking top-level files ... NOTE
Non-standard file/directory found at top level:
  ‘Non-standard-file-found-at-top-level’
* checking for left-over files ... OK
* checking index information ... OK
* checking package subdirectories ... OK
* checking code files for non-ASCII characters ... OK
* checking R files for syntax errors ... OK
* checking whether the package can be loaded ... OK
* checking whether the package can be loaded with stated dependencies ... OK
* checking whether the package can be unloaded cleanly ... OK
* checking whether the namespace can be loaded with stated dependencies ... OK
* checking whether the namespace can be unloaded cleanly ... OK
* checking loading without being on the library search path ... OK
* checking dependencies in R code ... NOTE
package 'methods' is used but not declared
* checking S3 generic/method consistency ... OK
* checking replacement functions ... OK
* checking foreign function calls ... OK
* checking R code for possible problems ... NOTE
boom: no visible global function definition for ‘packageName’
  (/home/runner/work/dumpsterfire/dumpsterfire/check/dumpsterfire.Rcheck/00_pkg_src/dumpsterfire/R/boom.R:2)
boom: no visible global function definition for ‘packageVersion’
  (/home/runner/work/dumpsterfire/dumpsterfire/check/dumpsterfire.Rcheck/00_pkg_src/dumpsterfire/R/boom.R:2)
Undefined global functions or variables:
  packageName packageVersion
Consider adding
  importFrom("utils", "packageName", "packageVersion")
to your NAMESPACE file.
* checking Rd files ... OK
* checking Rd metadata ... OK
* checking Rd line widths ... OK
* checking Rd cross-references ... OK
* checking for missing documentation entries ... OK
* checking for code/documentation mismatches ... WARNING
Codoc mismatches from Rd file 'boom.Rd':
boom
  Code: function()
  Docs: function(x = 42)
  Argument names in docs not in code:
    x

* checking Rd \usage sections ... WARNING
Undocumented arguments in Rd file 'boom.Rd'
  ‘x’

Functions with \usage entries need to have the appropriate \alias
entries, and all their arguments documented.
The \usage entries must correspond to syntactically valid R code.
See chapter ‘Writing R documentation files’ in the ‘Writing R
Extensions’ manual.
* checking Rd contents ... OK
* checking for unstated dependencies in examples ... OK
* checking examples ... ERROR
Running examples in ‘dumpsterfire-Ex.R’ failed
The error most likely occurred in:

> base::assign(".ptime", proc.time(), pos = "CheckExEnv")
> ### Name: boom
> ### Title: Make noise
> ### Aliases: boom
> 
> ### ** Examples
> 
> boom(3.14)
Error in boom(3.14) : unused argument (3.14)
Execution halted
* checking for non-standard things in the check directory ... OK
* checking for detritus in the temp directory ... OK
* DONE
Status: 1 ERROR, 2 WARNINGs, 5 NOTEs
